AR bbfifo_16x8 low_level_definition E:/labsolutions/VHDL/lab3/time_const/bbfifo_16x8.vhd sub00/vhpl03 1267279956
EN loopback NULL E:/labsolutions/VHDL/lab3/time_const/loopback.vhd sub00/vhpl16 1267279969
AR uart_tx macro_level_definition E:/labsolutions/VHDL/lab3/time_const/uart_tx.vhd sub00/vhpl13 1267279966
AR kcuart_tx low_level_definition E:/labsolutions/VHDL/lab3/time_const/kcuart_tx.vhd sub00/vhpl05 1267279958
EN program NULL E:/labsolutions/VHDL/lab3/Assembler/PROGRAM.VHD sub00/vhpl08 1267279961
EN my_dcm NULL E:/labsolutions/VHDL/lab3/time_const/my_dcm.vhd sub00/vhpl10 1267279963
AR kcpsm3 low_level_definition E:/labsolutions/VHDL/lab3/time_const/kcpsm3.vhd sub00/vhpl07 1267279960
AR loopback behavioral E:/labsolutions/VHDL/lab3/time_const/loopback.vhd sub00/vhpl17 1267279970
AR uart_rx macro_level_definition E:/labsolutions/VHDL/lab3/time_const/uart_rx.vhd sub00/vhpl15 1267279968
EN kcuart_rx NULL E:/labsolutions/VHDL/lab3/time_const/kcuart_rx.vhd sub00/vhpl00 1267279953
EN kcuart_tx NULL E:/labsolutions/VHDL/lab3/time_const/kcuart_tx.vhd sub00/vhpl04 1267279957
EN kcpsm3 NULL E:/labsolutions/VHDL/lab3/time_const/kcpsm3.vhd sub00/vhpl06 1267279959
EN bbfifo_16x8 NULL E:/labsolutions/VHDL/lab3/time_const/bbfifo_16x8.vhd sub00/vhpl02 1267279955
AR program low_level_definition E:/labsolutions/VHDL/lab3/Assembler/PROGRAM.VHD sub00/vhpl09 1267279962
AR my_dcm behavioral E:/labsolutions/VHDL/lab3/time_const/my_dcm.vhd sub00/vhpl11 1267279964
EN uart_rx NULL E:/labsolutions/VHDL/lab3/time_const/uart_rx.vhd sub00/vhpl14 1267279967
AR kcuart_rx low_level_definition E:/labsolutions/VHDL/lab3/time_const/kcuart_rx.vhd sub00/vhpl01 1267279954
EN uart_tx NULL E:/labsolutions/VHDL/lab3/time_const/uart_tx.vhd sub00/vhpl12 1267279965
