AR bbfifo_16x8 low_level_definition E:/labsolutions/VHDL/lab4/synth_lab/bbfifo_16x8.vhd sub00/vhpl03 1269592293
EN loopback NULL E:/labsolutions/VHDL/lab4/synth_lab/loopback.vhd sub00/vhpl16 1269592306
AR uart_tx macro_level_definition E:/labsolutions/VHDL/lab4/synth_lab/uart_tx.vhd sub00/vhpl13 1269592303
AR kcuart_tx low_level_definition E:/labsolutions/VHDL/lab4/synth_lab/kcuart_tx.vhd sub00/vhpl05 1269592295
EN program NULL E:/labsolutions/VHDL/lab4/Assembler/PROGRAM.VHD sub00/vhpl08 1269592298
EN my_dcm NULL E:/labsolutions/VHDL/lab4/synth_lab/my_dcm.vhd sub00/vhpl10 1269592300
AR kcpsm3 low_level_definition E:/labsolutions/VHDL/lab4/synth_lab/kcpsm3.vhd sub00/vhpl07 1269592297
AR loopback behavioral E:/labsolutions/VHDL/lab4/synth_lab/loopback.vhd sub00/vhpl17 1269592307
AR uart_rx macro_level_definition E:/labsolutions/VHDL/lab4/synth_lab/uart_rx.vhd sub00/vhpl15 1269592305
EN kcuart_rx NULL E:/labsolutions/VHDL/lab4/synth_lab/kcuart_rx.vhd sub00/vhpl00 1269592290
EN kcuart_tx NULL E:/labsolutions/VHDL/lab4/synth_lab/kcuart_tx.vhd sub00/vhpl04 1269592294
EN kcpsm3 NULL E:/labsolutions/VHDL/lab4/synth_lab/kcpsm3.vhd sub00/vhpl06 1269592296
EN bbfifo_16x8 NULL E:/labsolutions/VHDL/lab4/synth_lab/bbfifo_16x8.vhd sub00/vhpl02 1269592292
AR my_dcm behavioral E:/labsolutions/VHDL/lab4/synth_lab/my_dcm.vhd sub00/vhpl11 1269592301
AR program low_level_definition E:/labsolutions/VHDL/lab4/Assembler/PROGRAM.VHD sub00/vhpl09 1269592299
EN uart_rx NULL E:/labsolutions/VHDL/lab4/synth_lab/uart_rx.vhd sub00/vhpl14 1269592304
AR kcuart_rx low_level_definition E:/labsolutions/VHDL/lab4/synth_lab/kcuart_rx.vhd sub00/vhpl01 1269592291
EN uart_tx NULL E:/labsolutions/VHDL/lab4/synth_lab/uart_tx.vhd sub00/vhpl12 1269592302
