AR bbfifo_16x8 low_level_definition E:/labsolutions/VHDL/lab6/chipscope/bbfifo_16x8.vhd sub00/vhpl03 1269503760
EN loopback NULL E:/labsolutions/VHDL/lab6/chipscope/loopback.vhd sub00/vhpl16 1269503773
AR program program_a E:/labsolutions/VHDL/lab6/chipscope/program.vhd sub00/vhpl09 1269503766
AR uart_tx macro_level_definition E:/labsolutions/VHDL/lab6/chipscope/uart_tx.vhd sub00/vhpl13 1269503770
AR kcuart_tx low_level_definition E:/labsolutions/VHDL/lab6/chipscope/kcuart_tx.vhd sub00/vhpl05 1269503762
EN program NULL E:/labsolutions/VHDL/lab6/chipscope/program.vhd sub00/vhpl08 1269503765
EN my_dcm NULL E:/labsolutions/VHDL/lab6/chipscope/my_dcm.vhd sub00/vhpl10 1269503767
AR kcpsm3 low_level_definition E:/labsolutions/VHDL/lab6/chipscope/kcpsm3.vhd sub00/vhpl07 1269503764
AR loopback behavioral E:/labsolutions/VHDL/lab6/chipscope/loopback.vhd sub00/vhpl17 1269503774
AR uart_rx macro_level_definition E:/labsolutions/VHDL/lab6/chipscope/uart_rx.vhd sub00/vhpl15 1269503772
EN kcuart_rx NULL E:/labsolutions/VHDL/lab6/chipscope/kcuart_rx.vhd sub00/vhpl00 1269503757
EN kcuart_tx NULL E:/labsolutions/VHDL/lab6/chipscope/kcuart_tx.vhd sub00/vhpl04 1269503761
EN kcpsm3 NULL E:/labsolutions/VHDL/lab6/chipscope/kcpsm3.vhd sub00/vhpl06 1269503763
EN bbfifo_16x8 NULL E:/labsolutions/VHDL/lab6/chipscope/bbfifo_16x8.vhd sub00/vhpl02 1269503759
AR my_dcm behavioral E:/labsolutions/VHDL/lab6/chipscope/my_dcm.vhd sub00/vhpl11 1269503768
EN uart_rx NULL E:/labsolutions/VHDL/lab6/chipscope/uart_rx.vhd sub00/vhpl14 1269503771
AR kcuart_rx low_level_definition E:/labsolutions/VHDL/lab6/chipscope/kcuart_rx.vhd sub00/vhpl01 1269503758
EN uart_tx NULL E:/labsolutions/VHDL/lab6/chipscope/uart_tx.vhd sub00/vhpl12 1269503769
