AR bbfifo_16x8 low_level_definition E:/WGL_ceshi/labsolutions/VHDL/lab2/arwz_pace/bbfifo_16x8.vhd sub00/vhpl03 1268181817
EN uart_clock NULL E:/WGL_ceshi/labsolutions/VHDL/lab2/arwz_pace/uart_clock.vhd sub00/vhpl16 1268181830
AR uart_tx macro_level_definition E:/WGL_ceshi/labsolutions/VHDL/lab2/arwz_pace/uart_tx.vhd sub00/vhpl13 1268181827
AR uart_clock behavioral E:/WGL_ceshi/labsolutions/VHDL/lab2/arwz_pace/uart_clock.vhd sub00/vhpl17 1268181831
AR kcuart_tx low_level_definition E:/WGL_ceshi/labsolutions/VHDL/lab2/arwz_pace/kcuart_tx.vhd sub00/vhpl05 1268181819
EN my_dcm NULL E:/WGL_ceshi/labsolutions/VHDL/lab2/my_dcm.vhd sub00/vhpl10 1268181824
AR kcpsm3 low_level_definition E:/WGL_ceshi/labsolutions/VHDL/lab2/arwz_pace/kcpsm3.vhd sub00/vhpl07 1268181821
AR uart_rx macro_level_definition E:/WGL_ceshi/labsolutions/VHDL/lab2/arwz_pace/uart_rx.vhd sub00/vhpl15 1268181829
EN uclock NULL E:/WGL_ceshi/labsolutions/VHDL/lab2/arwz_pace/UCLOCK.VHD sub00/vhpl08 1268181822
EN kcuart_rx NULL E:/WGL_ceshi/labsolutions/VHDL/lab2/arwz_pace/kcuart_rx.vhd sub00/vhpl00 1268181814
EN kcuart_tx NULL E:/WGL_ceshi/labsolutions/VHDL/lab2/arwz_pace/kcuart_tx.vhd sub00/vhpl04 1268181818
EN kcpsm3 NULL E:/WGL_ceshi/labsolutions/VHDL/lab2/arwz_pace/kcpsm3.vhd sub00/vhpl06 1268181820
EN bbfifo_16x8 NULL E:/WGL_ceshi/labsolutions/VHDL/lab2/arwz_pace/bbfifo_16x8.vhd sub00/vhpl02 1268181816
AR my_dcm behavioral E:/WGL_ceshi/labsolutions/VHDL/lab2/my_dcm.vhd sub00/vhpl11 1268181825
EN uart_rx NULL E:/WGL_ceshi/labsolutions/VHDL/lab2/arwz_pace/uart_rx.vhd sub00/vhpl14 1268181828
AR kcuart_rx low_level_definition E:/WGL_ceshi/labsolutions/VHDL/lab2/arwz_pace/kcuart_rx.vhd sub00/vhpl01 1268181815
EN uart_tx NULL E:/WGL_ceshi/labsolutions/VHDL/lab2/arwz_pace/uart_tx.vhd sub00/vhpl12 1268181826
AR uclock low_level_definition E:/WGL_ceshi/labsolutions/VHDL/lab2/arwz_pace/UCLOCK.VHD sub00/vhpl09 1268181823
